// Jest Snapshot v1, https://goo.gl/fbAQLP

exports[`<RegistrationPage /> renders UI as expected 1`] = `
<section
  className="Section RegistrationPage"
>
  <form
    className="RegistrationForm"
    onSubmit={[Function]}
  >
    <div
      role="alert"
    />
    <svg
      className="filterHandBean"
    >
      filterlogohand.svg
    </svg>
    <h2
      className="welcome"
    >
       Welcome To Filter 
    </h2>
    <div
      className="full_name"
    >
      <label
        htmlFor="RegistrationForm__full_name"
      />
      <input
        className="Input "
        id="RegistrationForm__full_name"
        name="full_name"
        placeholder="Name"
        required={true}
        type="text"
      />
    </div>
    <div
      className="user_name"
    >
      <label
        htmlFor="RegistrationForm__user_name"
      />
      <input
        className="Input "
        id="RegistrationForm__user_name"
        name="user_name"
        placeholder="Username"
        required={true}
        type="text"
      />
    </div>
    <div
      className="password"
    >
      <label
        htmlFor="RegistrationForm__password"
      />
      <input
        className="Input "
        id="RegistrationForm__password"
        name="password"
        placeholder="Password"
        required={true}
        type="password"
      />
    </div>
    <button
      className="Button "
      type="submit"
    >
      Signup
    </button>
  </form>
</section>
`;
