// Jest Snapshot v1, https://goo.gl/fbAQLP

exports[`Header component renders the header 1`] = `
<div
  className="headerWrapper"
>
  <NavLink
    className="nav-title"
    to="/"
  >
    <ForwardRef(SvgIcon)
      className="logo"
    />
    <ForwardRef(SvgFilterText)
      className="filterTextLogo"
    />
  </NavLink>
  <nav
    className="nav-bar"
  >
    <NavLink
      className="Links"
      to="/BeanList"
    >
      All Beans
    </NavLink>
    <NavLink
      className="Links"
      to="/login"
    >
      Log in
    </NavLink>
    <NavLink
      className="Links"
      to="/register"
    >
      Sign Up
    </NavLink>
  </nav>
</div>
`;

exports[`Header component renders the header by default 1`] = `
<div
  className="headerWrapper"
>
  <NavLink
    className="nav-title"
    to="/"
  >
    <ForwardRef(SvgIcon)
      className="logo"
    />
    <ForwardRef(SvgFilterText)
      className="filterTextLogo"
    />
  </NavLink>
  <nav
    className="nav-bar"
  >
    <NavLink
      className="Links"
      to="/BeanList"
    >
      All Beans
    </NavLink>
    <NavLink
      className="Links"
      to="/login"
    >
      Log in
    </NavLink>
    <NavLink
      className="Links"
      to="/register"
    >
      Sign Up
    </NavLink>
  </nav>
</div>
`;
