// Jest Snapshot v1, https://goo.gl/fbAQLP

exports[`Header component renders the header 1`] = `
<Fragment>
  <header
    className="header"
  >
    <NavLink
      className="nav-title"
      to="/"
    >
      <ForwardRef(SvgFilterText)
        style={
          Object {
            "fill": "rgb(90, 90, 90)",
            "width": "100px",
          }
        }
      />
    </NavLink>
  </header>
  <nav
    className="nav-bar"
  >
    <NavLink
      className="Links"
      to="/BeanList"
    >
      All Beans
    </NavLink>
    <NavLink
      className="Links"
      to="/login"
    >
      Log in
    </NavLink>
    <NavLink
      className="Links"
      to="/register"
    >
      Register
    </NavLink>
  </nav>
</Fragment>
`;

exports[`Header component renders the header by default 1`] = `
<Fragment>
  <header
    className="header"
  >
    <NavLink
      className="nav-title"
      to="/"
    >
      <ForwardRef(SvgFilterText)
        style={
          Object {
            "fill": "rgb(90, 90, 90)",
            "width": "100px",
          }
        }
      />
    </NavLink>
  </header>
  <nav
    className="nav-bar"
  >
    <NavLink
      className="Links"
      to="/BeanList"
    >
      All Beans
    </NavLink>
    <NavLink
      className="Links"
      to="/login"
    >
      Log in
    </NavLink>
    <NavLink
      className="Links"
      to="/register"
    >
      Register
    </NavLink>
  </nav>
</Fragment>
`;
