// Jest Snapshot v1, https://goo.gl/fbAQLP

exports[`<HomePage /> renders HomePage by default 1`] = `
<Fragment>
  <section
    className="bean-in-hand-img"
  >
    <ForwardRef(SvgIcon)
      className="homeLogo"
    />
    <p
      className="headertext"
    >
      Discover and explore small batch roasted coffee beans from around the world by filtering through a collection of beans by their unique flavor profiles.
    </p>
  </section>
  <div
    className="HomePage-wrapper"
  >
    <div
      className="content"
    >
      <header>
        <h3>
          Keep track and learn about your favorite beans
        </h3>
      </header>
      <p>
         
        Browse through the collection to explore each bean's Country of Origin, MASL(Meters Above Sea Level), Grower, Process and Flavor Notes.
         
      </p>
      <img
        alt="savedbeans"
        className="screenshot-saved-bean-img"
        src="beanlist.png"
      />
      <p>
        Once you've found some beans that give you a jolt, save them to your personalized collection and leave notes for yourself regarding each bean!
      </p>
      <img
        alt="savedbeans"
        className="screenshot-saved-bean-img"
        src="savedbeans.png"
      />
      <p>
        FILTER gives you the chance to explore coffee that is responsibly sourced from crops around the world.
         
      </p>
    </div>
    <br />
    <NavLink
      to="/register"
    >
      Sign Up Now!
    </NavLink>
    <ForwardRef(SvgCoffeebirdy)
      style={
        Object {
          "fill": "rgb(130, 114, 93)",
          "margin": "auto",
          "marginTop": "30px",
          "width": "150px",
        }
      }
    />
  </div>
</Fragment>
`;
